// Jest Snapshot v1, https://goo.gl/fbAQLP

exports[`<TopCountries /> top countries page renders as expected 1`] = `
<DocumentFragment>
  <div
    style="outline: none;"
    tabindex="-1"
  >
    <div>
      <div
        class="ui fluid card"
      >
        <div
          class="content"
        >
          <div
            class="header"
          >
            Top Countries
          </div>
        </div>
        <table
          class="ui table"
          role="table"
        >
          <thead
            class=""
          >
            <tr
              class=""
              role="row"
            >
              <th
                class=""
                colspan="1"
                role="columnheader"
              >
                Country
              </th>
              <th
                class=""
                colspan="1"
                role="columnheader"
              >
                Cases
              </th>
              <th
                class=""
                colspan="1"
                role="columnheader"
              >
                Deaths
              </th>
              <th
                class=""
                colspan="1"
                role="columnheader"
              >
                Recoveries
              </th>
            </tr>
          </thead>
          <tbody
            class=""
            role="rowgroup"
          >
            <tr
              role="row"
            >
              <td
                role="cell"
              >
                US
              </td>
              <td
                role="cell"
              >
                18755922
              </td>
              <td
                role="cell"
              >
                330241
              </td>
              <td
                role="cell"
              >
                0
              </td>
            </tr>
            <tr
              role="row"
            >
              <td
                role="cell"
              >
                India
              </td>
              <td
                role="cell"
              >
                10169118
              </td>
              <td
                role="cell"
              >
                147343
              </td>
              <td
                role="cell"
              >
                9740108
              </td>
            </tr>
            <tr
              role="row"
            >
              <td
                role="cell"
              >
                Brazil
              </td>
              <td
                role="cell"
              >
                7448560
              </td>
              <td
                role="cell"
              >
                190488
              </td>
              <td
                role="cell"
              >
                6512717
              </td>
            </tr>
            <tr
              role="row"
            >
              <td
                role="cell"
              >
                Russia
              </td>
              <td
                role="cell"
              >
                2963290
              </td>
              <td
                role="cell"
              >
                52985
              </td>
              <td
                role="cell"
              >
                2374589
              </td>
            </tr>
            <tr
              role="row"
            >
              <td
                role="cell"
              >
                France
              </td>
              <td
                role="cell"
              >
                2604595
              </td>
              <td
                role="cell"
              >
                62548
              </td>
              <td
                role="cell"
              >
                195365
              </td>
            </tr>
            <tr
              role="row"
            >
              <td
                role="cell"
              >
                United Kingdom
              </td>
              <td
                role="cell"
              >
                2227947
              </td>
              <td
                role="cell"
              >
                70302
              </td>
              <td
                role="cell"
              >
                4822
              </td>
            </tr>
            <tr
              role="row"
            >
              <td
                role="cell"
              >
                Turkey
              </td>
              <td
                role="cell"
              >
                2118255
              </td>
              <td
                role="cell"
              >
                19371
              </td>
              <td
                role="cell"
              >
                1970803
              </td>
            </tr>
            <tr
              role="row"
            >
              <td
                role="cell"
              >
                Italy
              </td>
              <td
                role="cell"
              >
                2028354
              </td>
              <td
                role="cell"
              >
                71359
              </td>
              <td
                role="cell"
              >
                1377109
              </td>
            </tr>
            <tr
              role="row"
            >
              <td
                role="cell"
              >
                Spain
              </td>
              <td
                role="cell"
              >
                1854951
              </td>
              <td
                role="cell"
              >
                49824
              </td>
              <td
                role="cell"
              >
                150376
              </td>
            </tr>
            <tr
              role="row"
            >
              <td
                role="cell"
              >
                Germany
              </td>
              <td
                role="cell"
              >
                1632736
              </td>
              <td
                role="cell"
              >
                29580
              </td>
              <td
                role="cell"
              >
                1235968
              </td>
            </tr>
            <tr
              role="row"
            >
              <td
                role="cell"
              >
                Colombia
              </td>
              <td
                role="cell"
              >
                1574707
              </td>
              <td
                role="cell"
              >
                41690
              </td>
              <td
                role="cell"
              >
                1430709
              </td>
            </tr>
            <tr
              role="row"
            >
              <td
                role="cell"
              >
                Argentina
              </td>
              <td
                role="cell"
              >
                1574554
              </td>
              <td
                role="cell"
              >
                42422
              </td>
              <td
                role="cell"
              >
                1384277
              </td>
            </tr>
            <tr
              role="row"
            >
              <td
                role="cell"
              >
                Mexico
              </td>
              <td
                role="cell"
              >
                1372243
              </td>
              <td
                role="cell"
              >
                121837
              </td>
              <td
                role="cell"
              >
                1023916
              </td>
            </tr>
            <tr
              role="row"
            >
              <td
                role="cell"
              >
                Poland
              </td>
              <td
                role="cell"
              >
                1249079
              </td>
              <td
                role="cell"
              >
                26992
              </td>
              <td
                role="cell"
              >
                984683
              </td>
            </tr>
            <tr
              role="row"
            >
              <td
                role="cell"
              >
                Iran
              </td>
              <td
                role="cell"
              >
                1189203
              </td>
              <td
                role="cell"
              >
                54440
              </td>
              <td
                role="cell"
              >
                933736
              </td>
            </tr>
            <tr
              role="row"
            >
              <td
                role="cell"
              >
                Ukraine
              </td>
              <td
                role="cell"
              >
                1041583
              </td>
              <td
                role="cell"
              >
                18255
              </td>
              <td
                role="cell"
              >
                670437
              </td>
            </tr>
            <tr
              role="row"
            >
              <td
                role="cell"
              >
                Peru
              </td>
              <td
                role="cell"
              >
                1003982
              </td>
              <td
                role="cell"
              >
                37317
              </td>
              <td
                role="cell"
              >
                940040
              </td>
            </tr>
            <tr
              role="row"
            >
              <td
                role="cell"
              >
                South Africa
              </td>
              <td
                role="cell"
              >
                983359
              </td>
              <td
                role="cell"
              >
                26276
              </td>
              <td
                role="cell"
              >
                830251
              </td>
            </tr>
            <tr
              role="row"
            >
              <td
                role="cell"
              >
                Netherlands
              </td>
              <td
                role="cell"
              >
                755038
              </td>
              <td
                role="cell"
              >
                11015
              </td>
              <td
                role="cell"
              >
                8933
              </td>
            </tr>
            <tr
              role="row"
            >
              <td
                role="cell"
              >
                Indonesia
              </td>
              <td
                role="cell"
              >
                700097
              </td>
              <td
                role="cell"
              >
                20847
              </td>
              <td
                role="cell"
              >
                570304
              </td>
            </tr>
          </tbody>
        </table>
      </div>
    </div>
  </div>
</DocumentFragment>
`;
